  MainCode.cpp
D:\SchoolStuff\CS330Content\CS330Content\Utilities\linmath.h(64,1): warning C4244: 'initializing': conversion from 'double' to 'float', possible loss of data
  (compiling source file 'Source/MainCode.cpp')
  
D:\SchoolStuff\CS330Content\CS330Content\Utilities\linmath.h(65,1): warning C4244: 'initializing': conversion from 'double' to 'float', possible loss of data
  (compiling source file 'Source/MainCode.cpp')
  
D:\SchoolStuff\CS330Content\CS330Content\Utilities\linmath.h(66,1): warning C4244: 'initializing': conversion from 'double' to 'float', possible loss of data
  (compiling source file 'Source/MainCode.cpp')
  
D:\SchoolStuff\CS330Content\CS330Content\Utilities\linmath.h(344,17): warning C4244: '=': conversion from 'double' to 'float', possible loss of data
  (compiling source file 'Source/MainCode.cpp')
  
D:\SchoolStuff\CS330Content\CS330Content\Utilities\linmath.h(597,18): warning C4244: 'argument': conversion from 'double' to 'float', possible loss of data
  (compiling source file 'Source/MainCode.cpp')
  
D:\SchoolStuff\CS330Content\CS330Content\Utilities\linmath.h(604,18): warning C4244: 'argument': conversion from 'double' to 'float', possible loss of data
  (compiling source file 'Source/MainCode.cpp')
  
C:\Program Files (x86)\Windows Kits\10\Include\10.0.26100.0\shared\minwindef.h(130,9): warning C4005: 'APIENTRY': macro redefinition
  (compiling source file 'Source/MainCode.cpp')
      D:\SchoolStuff\CS330Content\CS330Content\Libraries\GLFW\include\GLFW\glfw3.h(123,11):
      see previous definition of 'APIENTRY'
  
D:\SchoolStuff\CS330Content\CS330Content\Projects\8-2_Assignment\Source\MainCode.cpp(14,31): warning C4305: 'initializing': truncation from 'double' to 'float'
D:\SchoolStuff\CS330Content\CS330Content\Projects\8-2_Assignment\Source\MainCode.cpp(69,16): warning C4305: 'initializing': truncation from 'double' to 'float'
D:\SchoolStuff\CS330Content\CS330Content\Projects\8-2_Assignment\Source\MainCode.cpp(76,7): warning C4244: '=': conversion from 'double' to 'float', possible loss of data
D:\SchoolStuff\CS330Content\CS330Content\Projects\8-2_Assignment\Source\MainCode.cpp(77,7): warning C4244: '=': conversion from 'double' to 'float', possible loss of data
D:\SchoolStuff\CS330Content\CS330Content\Projects\8-2_Assignment\Source\MainCode.cpp(78,12): warning C4244: '=': conversion from 'double' to 'float', possible loss of data
D:\SchoolStuff\CS330Content\CS330Content\Projects\8-2_Assignment\Source\MainCode.cpp(374,37): warning C4244: 'argument': conversion from 'double' to 'float', possible loss of data
D:\SchoolStuff\CS330Content\CS330Content\Projects\8-2_Assignment\Source\MainCode.cpp(374,34): warning C4244: 'argument': conversion from 'double' to 'float', possible loss of data
D:\SchoolStuff\CS330Content\CS330Content\Projects\8-2_Assignment\Source\MainCode.cpp(374,31): warning C4244: 'argument': conversion from 'double' to 'float', possible loss of data
D:\SchoolStuff\CS330Content\CS330Content\Projects\8-2_Assignment\Source\MainCode.cpp(374,25): warning C4305: 'argument': truncation from 'double' to 'float'
  8-2_Assignment.vcxproj -> D:\SchoolStuff\CS330Content\CS330Content\Projects\8-2_Assignment\Debug\8-2_Assignment.exe
